Flow report for sxrRISC621
Tue Sep 13 07:38:13 2016
Quartus Prime Version 16.0.0 Build 211 04/27/2016 SJ Standard Edition


---------------------
; Table of Contents ;
---------------------
  1. Legal Notice
  2. Flow Summary
  3. Flow Settings
  4. Flow Non-Default Global Settings
  5. Flow Elapsed Time
  6. Flow OS Summary
  7. Flow Log
  8. Flow Messages
  9. Flow Suppressed Messages



----------------
; Legal Notice ;
----------------
Copyright (C) 1991-2016 Altera Corporation. All rights reserved.
Your use of Altera Corporation's design tools, logic functions 
and other software and tools, and its AMPP partner logic 
functions, and any output files from any of the foregoing 
(including device programming or simulation files), and any 
associated documentation or information are expressly subject 
to the terms and conditions of the Altera Program License 
Subscription Agreement, the Altera Quartus Prime License Agreement,
the Altera MegaCore Function License Agreement, or other 
applicable license agreement, including, without limitation, 
that your use is for the sole purpose of programming logic 
devices manufactured by Altera and sold by Altera or its 
authorized distributors.  Please refer to the applicable 
agreement for further details.



+-----------------------------------------------------------------------------------+
; Flow Summary                                                                      ;
+---------------------------------+-------------------------------------------------+
; Flow Status                     ; Successful - Tue Sep 13 07:38:13 2016           ;
; Quartus Prime Version           ; 16.0.0 Build 211 04/27/2016 SJ Standard Edition ;
; Revision Name                   ; sxrRISC621                                      ;
; Top-level Entity Name           ; sxrRISC621                                      ;
; Family                          ; Cyclone V                                       ;
; Device                          ; 5CEBA4F23C7                                     ;
; Timing Models                   ; Final                                           ;
; Logic utilization (in ALMs)     ; 1 / 18,480 ( < 1 % )                            ;
; Total registers                 ; 0                                               ;
; Total pins                      ; 15 / 224 ( 7 % )                                ;
; Total virtual pins              ; 0                                               ;
; Total block memory bits         ; 0 / 3,153,920 ( 0 % )                           ;
; Total DSP Blocks                ; 0 / 66 ( 0 % )                                  ;
; Total HSSI RX PCSs              ; 0                                               ;
; Total HSSI PMA RX Deserializers ; 0                                               ;
; Total HSSI TX PCSs              ; 0                                               ;
; Total HSSI PMA TX Serializers   ; 0                                               ;
; Total PLLs                      ; 0 / 4 ( 0 % )                                   ;
; Total DLLs                      ; 0 / 4 ( 0 % )                                   ;
+---------------------------------+-------------------------------------------------+


+-----------------------------------------+
; Flow Settings                           ;
+-------------------+---------------------+
; Option            ; Setting             ;
+-------------------+---------------------+
; Start date & time ; 09/13/2016 07:36:19 ;
; Main task         ; Compilation         ;
; Revision Name     ; sxrRISC621          ;
+-------------------+---------------------+


+----------------------------------------------------------------------------------------------------------------------+
; Flow Non-Default Global Settings                                                                                     ;
+-------------------------------------+---------------------------------+---------------+-------------+----------------+
; Assignment Name                     ; Value                           ; Default Value ; Entity Name ; Section Id     ;
+-------------------------------------+---------------------------------+---------------+-------------+----------------+
; COMPILER_SIGNATURE_ID               ; 106018697890712.147376657905536 ; --            ; --          ; --             ;
; EDA_OUTPUT_DATA_FORMAT              ; Verilog Hdl                     ; --            ; --          ; eda_simulation ;
; EDA_SIMULATION_TOOL                 ; ModelSim-Altera (Verilog)       ; <None>        ; --          ; --             ;
; MAX_CORE_JUNCTION_TEMP              ; 85                              ; --            ; --          ; --             ;
; MIN_CORE_JUNCTION_TEMP              ; 0                               ; --            ; --          ; --             ;
; MISC_FILE                           ; my_rom.bsf                      ; --            ; --          ; --             ;
; MISC_FILE                           ; my_rom_bb.v                     ; --            ; --          ; --             ;
; MISC_FILE                           ; my_rom.cmp                      ; --            ; --          ; --             ;
; MISC_FILE                           ; my_ram.bsf                      ; --            ; --          ; --             ;
; MISC_FILE                           ; my_ram_bb.v                     ; --            ; --          ; --             ;
; MISC_FILE                           ; my_ram.cmp                      ; --            ; --          ; --             ;
; MISC_FILE                           ; my_mult.bsf                     ; --            ; --          ; --             ;
; MISC_FILE                           ; my_mult_bb.v                    ; --            ; --          ; --             ;
; MISC_FILE                           ; my_mult.cmp                     ; --            ; --          ; --             ;
; MISC_FILE                           ; my_div.bsf                      ; --            ; --          ; --             ;
; MISC_FILE                           ; my_div_bb.v                     ; --            ; --          ; --             ;
; MISC_FILE                           ; my_div.cmp                      ; --            ; --          ; --             ;
; PARTITION_COLOR                     ; 16764057                        ; --            ; --          ; Top            ;
; PARTITION_FITTER_PRESERVATION_LEVEL ; PLACEMENT_AND_ROUTING           ; --            ; --          ; Top            ;
; PARTITION_NETLIST_TYPE              ; SOURCE                          ; --            ; --          ; Top            ;
; PROJECT_OUTPUT_DIRECTORY            ; output_files                    ; --            ; --          ; --             ;
+-------------------------------------+---------------------------------+---------------+-------------+----------------+


+-------------------------------------------------------------------------------------------------------------------------------+
; Flow Elapsed Time                                                                                                             ;
+---------------------------+--------------+-------------------------+---------------------+------------------------------------+
; Module Name               ; Elapsed Time ; Average Processors Used ; Peak Virtual Memory ; Total CPU Time (on all processors) ;
+---------------------------+--------------+-------------------------+---------------------+------------------------------------+
; Analysis & Synthesis      ; 00:00:32     ; 1.0                     ; 900 MB              ; 00:00:55                           ;
; Fitter                    ; 00:00:41     ; 1.0                     ; 1946 MB             ; 00:00:48                           ;
; Assembler                 ; 00:00:03     ; 1.0                     ; 804 MB              ; 00:00:02                           ;
; TimeQuest Timing Analyzer ; 00:00:19     ; 1.0                     ; 1093 MB             ; 00:00:09                           ;
; EDA Netlist Writer        ; 00:00:04     ; 1.0                     ; 802 MB              ; 00:00:03                           ;
; Total                     ; 00:01:39     ; --                      ; --                  ; 00:01:57                           ;
+---------------------------+--------------+-------------------------+---------------------+------------------------------------+


+----------------------------------------------------------------------------------------+
; Flow OS Summary                                                                        ;
+---------------------------+------------------+-----------+------------+----------------+
; Module Name               ; Machine Hostname ; OS Name   ; OS Version ; Processor type ;
+---------------------------+------------------+-----------+------------+----------------+
; Analysis & Synthesis      ; DellInspiron15R  ; Windows 8 ; 6.2        ; x86_64         ;
; Fitter                    ; DellInspiron15R  ; Windows 8 ; 6.2        ; x86_64         ;
; Assembler                 ; DellInspiron15R  ; Windows 8 ; 6.2        ; x86_64         ;
; TimeQuest Timing Analyzer ; DellInspiron15R  ; Windows 8 ; 6.2        ; x86_64         ;
; EDA Netlist Writer        ; DellInspiron15R  ; Windows 8 ; 6.2        ; x86_64         ;
+---------------------------+------------------+-----------+------------+----------------+


------------
; Flow Log ;
------------
quartus_map --read_settings_files=on --write_settings_files=off sxrRISC621 -c sxrRISC621
quartus_fit --read_settings_files=off --write_settings_files=off sxrRISC621 -c sxrRISC621
quartus_asm --read_settings_files=off --write_settings_files=off sxrRISC621 -c sxrRISC621
quartus_sta sxrRISC621 -c sxrRISC621
quartus_eda --read_settings_files=off --write_settings_files=off sxrRISC621 -c sxrRISC621



